kind: Secret
apiVersion: v1
metadata:
  name: ds-pipeline-db-testdsp3
  namespace: default
  labels:
    app: mariadb-extrenal-storage
    component: data-science-pipelines
data:
  password: dGVzdGRic2VjcmV0cHN3dmFsdWUz
type: Opaque
