kind: Secret
apiVersion: v1
metadata:
  name: mlpipeline-minio-artifact
  namespace: default
  labels:
    app: minio-extrenal-storage
    component: data-science-pipelines
data:
  accesskey: dGVzdGFjY2Vzc2tleXZhbHVlMw==
  host: dGVzdHN0b3JhZ2Vob3N0Mw==
  port: ODA=
  secretkey: dGVzdHNlY3JldGtleXZhbHVlMw==
  secure: dHJ1ZQ==
type: Opaque
