apiVersion: apps/v1
kind: Deployment
metadata:
  name: minio-testdsp1
  namespace: default
spec:
  selector:
    matchLabels: {}
  template:
    metadata:
      labels: {}
    spec:
      containers: []
